// Jest Snapshot v1, https://goo.gl/fbAQLP

exports[`(Component) Input snapshot 1`] = `
<Input
  type="text"
  value="Life is good"
>
  <input
    name={undefined}
    onChange={[Function]}
    type="text"
    value="Life is good"
  />
</Input>
`;
