// Jest Snapshot v1, https://goo.gl/fbAQLP

exports[`(Component) Textarea snapshot 1`] = `
<Textarea
  type="text"
  value="Life is good"
>
  <textarea
    onBlur={[Function]}
    onChange={[Function]}
    onKeyUp={[Function]}
    type="text"
    value="Life is good"
  />
</Textarea>
`;
