// Jest Snapshot v1, https://goo.gl/fbAQLP

exports[`(Styleguide) Form should match the snapshot 1`] = `
<Component>
  <Table>
    <table
      className=""
    >
      <Component>
        <tbody>
          <Component>
            <tr>
              <Component>
                <td>
                  <h3>
                    Inputs
                  </h3>
                </td>
              </Component>
              <Component
                colSpan={4}
              >
                <td
                  colSpan={4}
                >
                  <WithWrapper
                    label="Block text input"
                  >
                    <span
                      className=""
                    >
                      <Input
                        onChange={[Function]}
                        type="text"
                        value=""
                      >
                        <input
                          onChange={[Function]}
                          type="text"
                          value=""
                        />
                      </Input>
                      <span
                        className={undefined}
                      >
                        Block text input
                      </span>
                    </span>
                  </WithWrapper>
                  <WithWrapper
                    inline={true}
                    label="Inline text input"
                  >
                    <span
                      className=""
                    >
                      <Input
                        onChange={[Function]}
                        type="text"
                        value=""
                      >
                        <input
                          onChange={[Function]}
                          type="text"
                          value=""
                        />
                      </Input>
                      <span
                        className={undefined}
                      >
                        Inline text input
                      </span>
                    </span>
                  </WithWrapper>
                  <WithWrapper
                    label="Number"
                    max="1000"
                    min="100"
                    step="50"
                    type="number"
                    value="150"
                  >
                    <span
                      className="undefined"
                    >
                      <Input
                        max="1000"
                        min="100"
                        onChange={[Function]}
                        step="50"
                        type="number"
                        value="150"
                      >
                        <input
                          max="1000"
                          min="100"
                          onChange={[Function]}
                          step="50"
                          type="number"
                          value="150"
                        />
                      </Input>
                      <span
                        className={undefined}
                      >
                        Number
                      </span>
                    </span>
                  </WithWrapper>
                  <WithWrapper
                    label="Password"
                    type="password"
                  >
                    <span
                      className=""
                    >
                      <Input
                        onChange={[Function]}
                        type="password"
                        value=""
                      >
                        <input
                          onChange={[Function]}
                          type="password"
                          value=""
                        />
                      </Input>
                      <span
                        className={undefined}
                      >
                        Password
                      </span>
                    </span>
                  </WithWrapper>
                  <WithWrapper
                    label="Email"
                    type="email"
                  >
                    <span
                      className=""
                    >
                      <Input
                        onChange={[Function]}
                        type="email"
                        value=""
                      >
                        <input
                          onChange={[Function]}
                          type="email"
                          value=""
                        />
                      </Input>
                      <span
                        className={undefined}
                      >
                        Email
                      </span>
                    </span>
                  </WithWrapper>
                  <WithWrapper
                    label="Phone"
                    type="phone"
                  >
                    <span
                      className=""
                    >
                      <Input
                        onChange={[Function]}
                        type="phone"
                        value=""
                      >
                        <input
                          onChange={[Function]}
                          type="phone"
                          value=""
                        />
                      </Input>
                      <span
                        className={undefined}
                      >
                        Phone
                      </span>
                    </span>
                  </WithWrapper>
                </td>
              </Component>
            </tr>
          </Component>
          <Component>
            <tr>
              <Component>
                <td>
                  <h3>
                    Slider
                  </h3>
                </td>
              </Component>
              <Component
                colSpan={4}
              >
                <td
                  colSpan={4}
                >
                  <WithWrapper
                    label="Slider"
                    max={10000}
                    maxValue={10000}
                    min={1000}
                    minRange={500}
                    minValue={1300}
                    multiple={true}
                    prefix={
                      Array [
                        "From ",
                        "To ",
                      ]
                    }
                    step={100}
                    suffix=".-"
                  >
                    <span
                      className=""
                    >
                      <Slider
                        crossThumbs={false}
                        label="Slider"
                        max={10000}
                        maxValue={10000}
                        min={1000}
                        minRange={500}
                        minValue={1300}
                        multiple={true}
                        onChange={[Function]}
                        prefix={
                          Array [
                            "From ",
                            "To ",
                          ]
                        }
                        step={100}
                        suffix=".-"
                        template=""
                      >
                        <span
                          className={undefined}
                        >
                          <span
                            className={undefined}
                          >
                            <span
                              className={undefined}
                            >
                              Slider
                            </span>
                            <span
                              className={undefined}
                            >
                              From 1300.-
                            </span>
                            <span
                              className={undefined}
                            >
                              To 10000.-
                            </span>
                          </span>
                          <span
                            className={undefined}
                            name="minValue"
                            onMouseDown={[Function]}
                            onTouchMove={[Function]}
                            onTouchStart={[Function]}
                            style={
                              Object {
                                "left": "3.3333333333333335%",
                              }
                            }
                            tabIndex={1}
                          />
                          <span
                            className={undefined}
                            name="maxValue"
                            onMouseDown={[Function]}
                            onTouchMove={[Function]}
                            onTouchStart={[Function]}
                            style={
                              Object {
                                "left": "100%",
                              }
                            }
                            tabIndex={1}
                          />
                        </span>
                      </Slider>
                    </span>
                  </WithWrapper>
                </td>
              </Component>
            </tr>
          </Component>
          <Component>
            <tr>
              <Component>
                <td>
                  <h3>
                    Checkbox Group
                  </h3>
                </td>
              </Component>
              <Component
                colSpan={4}
              >
                <td
                  colSpan={4}
                >
                  <WithWrapper
                    checked={true}
                    label="Red"
                    value="red"
                  >
                    <span
                      className="undefined"
                    >
                      <InputCheckbox
                        checked={true}
                        label="Red"
                        onChange={[Function]}
                        value="red"
                      >
                        <span
                          className={undefined}
                          onClick={[Function]}
                        >
                          <input
                            checked={true}
                            onChange={[Function]}
                            type="checkbox"
                            value={undefined}
                          />
                          <span
                            className={undefined}
                          >
                            Red
                          </span>
                        </span>
                      </InputCheckbox>
                    </span>
                  </WithWrapper>
                  <WithWrapper
                    checked={true}
                    label="Blue"
                    value="blue"
                  >
                    <span
                      className="undefined"
                    >
                      <InputCheckbox
                        checked={true}
                        label="Blue"
                        onChange={[Function]}
                        value="blue"
                      >
                        <span
                          className={undefined}
                          onClick={[Function]}
                        >
                          <input
                            checked={true}
                            onChange={[Function]}
                            type="checkbox"
                            value={undefined}
                          />
                          <span
                            className={undefined}
                          >
                            Blue
                          </span>
                        </span>
                      </InputCheckbox>
                    </span>
                  </WithWrapper>
                  <WithWrapper
                    label="Green"
                    value="green"
                  >
                    <span
                      className="undefined"
                    >
                      <InputCheckbox
                        checked={false}
                        label="Green"
                        onChange={[Function]}
                        value="green"
                      >
                        <span
                          className={undefined}
                          onClick={[Function]}
                        >
                          <input
                            checked={false}
                            onChange={[Function]}
                            type="checkbox"
                            value={undefined}
                          />
                          <span
                            className={undefined}
                          >
                            Green
                          </span>
                        </span>
                      </InputCheckbox>
                    </span>
                  </WithWrapper>
                </td>
              </Component>
            </tr>
          </Component>
          <Component>
            <tr>
              <Component>
                <td>
                  <h3>
                    Button Group
                  </h3>
                </td>
              </Component>
              <Component
                colSpan={4}
              >
                <td
                  colSpan={4}
                >
                  <InputGroup>
                    <WithWrapper
                      checked={true}
                      key=".0"
                      label="React.js"
                      name="r1"
                      onChange={[Function]}
                      value={10}
                    >
                      <span
                        className="undefined"
                      >
                        <InputRadio
                          checked={true}
                          label="React.js"
                          name="r1"
                          onChange={[Function]}
                          value={10}
                        >
                          <span
                            className={undefined}
                            onClick={[Function]}
                          >
                            <input
                              checked={true}
                              name="r1"
                              onChange={[Function]}
                              type="radio"
                              value={undefined}
                            />
                            <span
                              className={undefined}
                            >
                              React.js
                            </span>
                          </span>
                        </InputRadio>
                      </span>
                    </WithWrapper>
                    <WithWrapper
                      checked={false}
                      key=".1"
                      label="Vue.js"
                      name="r1"
                      onChange={[Function]}
                      value={10}
                    >
                      <span
                        className="undefined"
                      >
                        <InputRadio
                          checked={false}
                          label="Vue.js"
                          name="r1"
                          onChange={[Function]}
                          value={10}
                        >
                          <span
                            className={undefined}
                            onClick={[Function]}
                          >
                            <input
                              checked={false}
                              name="r1"
                              onChange={[Function]}
                              type="radio"
                              value={undefined}
                            />
                            <span
                              className={undefined}
                            >
                              Vue.js
                            </span>
                          </span>
                        </InputRadio>
                      </span>
                    </WithWrapper>
                    <WithWrapper
                      checked={false}
                      key=".2"
                      label="Angular.js"
                      name="r1"
                      onChange={[Function]}
                      value={10}
                    >
                      <span
                        className="undefined"
                      >
                        <InputRadio
                          checked={false}
                          label="Angular.js"
                          name="r1"
                          onChange={[Function]}
                          value={10}
                        >
                          <span
                            className={undefined}
                            onClick={[Function]}
                          >
                            <input
                              checked={false}
                              name="r1"
                              onChange={[Function]}
                              type="radio"
                              value={undefined}
                            />
                            <span
                              className={undefined}
                            >
                              Angular.js
                            </span>
                          </span>
                        </InputRadio>
                      </span>
                    </WithWrapper>
                  </InputGroup>
                </td>
              </Component>
            </tr>
          </Component>
          <Component>
            <tr>
              <Component>
                <td>
                  <h3>
                    Textarea
                  </h3>
                </td>
              </Component>
              <Component
                colSpan={4}
              >
                <td
                  colSpan={4}
                >
                  <WithWrapper
                    label="This is a textarea"
                  >
                    <span
                      className=""
                    >
                      <Textarea
                        onChange={[Function]}
                        value=""
                      >
                        <textarea
                          onChange={[Function]}
                          value=""
                        />
                      </Textarea>
                      <span
                        className={undefined}
                      >
                        This is a textarea
                      </span>
                    </span>
                  </WithWrapper>
                </td>
              </Component>
            </tr>
          </Component>
        </tbody>
      </Component>
    </table>
  </Table>
</Component>
`;
